[2026-08-11T03:52:21.061-05:00] [info] kernel id=brute_search_v1 entry=main wg=[256,1,1] out=32B det=0 r5_ratio=3.1e+10
[2026-08-11T03:52:21.061-05:00] [info] kernel id=calibrate_v1 entry=main wg=[256,1,1] out=4B det=1 r5_ratio=1.05e+06
[2026-08-11T03:52:21.061-05:00] [info] kernel id=pathtrace_tile_v1 entry=main wg=[8,8,1] out=65536B det=2 r5_ratio=1.02e+07
[2026-08-11T03:52:21.062-05:00] [warning] DEV: seeded RENDER 384x288 tiles=30 spp=1000000 prims=70 depth=6 job_lo=1
[2026-08-11T03:52:21.062-05:00] [info] replication policy=none spot_checks=off
[2026-08-11T03:52:21.062-05:00] [warning] DEV: render asset published address=105228a6bef760724f6fe11e3be044e5b5687338e3e9963403a35393f486f401 (GET /asset/105228a6bef760724f6fe11e3be044e5b5687338e3e9963403a35393f486f401)
[2026-08-11T03:52:21.063-05:00] [info] coordinator listening port=8080 kernels=3
[2026-08-11T03:52:53.371-05:00] [info] conn_open conn_id=1
[2026-08-11T03:52:53.530-05:00] [info] handshake conn_id=1 worker_id=1 kernels=3
[2026-08-11T03:53:05.971-05:00] [info] benchmark conn_id=1 ops/s=6.15e+10 samples=3
[2026-08-11T03:53:06.883-05:00] [info] submission conn_id=1 worker=1 task=2 have=1 need=1
[2026-08-11T03:53:06.883-05:00] [info] result conn_id=1 task=2 bytes=65536 accepted
[2026-08-11T03:53:07.397-05:00] [info] submission conn_id=1 worker=1 task=3 have=1 need=1
[2026-08-11T03:53:07.397-05:00] [info] result conn_id=1 task=3 bytes=65536 accepted
[2026-08-11T03:53:08.157-05:00] [info] submission conn_id=1 worker=1 task=4 have=1 need=1
[2026-08-11T03:53:08.157-05:00] [info] result conn_id=1 task=4 bytes=65536 accepted
[2026-08-11T03:53:08.832-05:00] [info] submission conn_id=1 worker=1 task=5 have=1 need=1
[2026-08-11T03:53:08.832-05:00] [info] result conn_id=1 task=5 bytes=65536 accepted
[2026-08-11T03:53:10.407-05:00] [info] submission conn_id=1 worker=1 task=6 have=1 need=1
[2026-08-11T03:53:10.407-05:00] [info] result conn_id=1 task=6 bytes=65536 accepted
[2026-08-11T03:53:12.077-05:00] [info] submission conn_id=1 worker=1 task=7 have=1 need=1
[2026-08-11T03:53:12.077-05:00] [info] result conn_id=1 task=7 bytes=65536 accepted
[2026-08-11T03:53:13.124-05:00] [info] submission conn_id=1 worker=1 task=8 have=1 need=1
[2026-08-11T03:53:13.124-05:00] [info] result conn_id=1 task=8 bytes=65536 accepted
[2026-08-11T03:53:13.923-05:00] [info] submission conn_id=1 worker=1 task=9 have=1 need=1
[2026-08-11T03:53:13.923-05:00] [info] result conn_id=1 task=9 bytes=65536 accepted
[2026-08-11T03:53:14.856-05:00] [info] submission conn_id=1 worker=1 task=10 have=1 need=1
[2026-08-11T03:53:14.856-05:00] [info] result conn_id=1 task=10 bytes=65536 accepted
[2026-08-11T03:53:15.878-05:00] [info] submission conn_id=1 worker=1 task=11 have=1 need=1
[2026-08-11T03:53:15.878-05:00] [info] result conn_id=1 task=11 bytes=65536 accepted
[2026-08-11T03:53:18.324-05:00] [info] submission conn_id=1 worker=1 task=12 have=1 need=1
[2026-08-11T03:53:18.324-05:00] [info] result conn_id=1 task=12 bytes=65536 accepted
[2026-08-11T03:53:20.801-05:00] [info] submission conn_id=1 worker=1 task=13 have=1 need=1
[2026-08-11T03:53:20.801-05:00] [info] result conn_id=1 task=13 bytes=65536 accepted
[2026-08-11T03:53:25.268-05:00] [info] submission conn_id=1 worker=1 task=14 have=1 need=1
[2026-08-11T03:53:25.268-05:00] [info] result conn_id=1 task=14 bytes=65536 accepted
[2026-08-11T03:53:29.146-05:00] [info] submission conn_id=1 worker=1 task=15 have=1 need=1
[2026-08-11T03:53:29.146-05:00] [info] result conn_id=1 task=15 bytes=65536 accepted
[2026-08-11T03:53:32.368-05:00] [info] submission conn_id=1 worker=1 task=16 have=1 need=1
[2026-08-11T03:53:32.368-05:00] [info] result conn_id=1 task=16 bytes=65536 accepted
[2026-08-11T03:53:35.658-05:00] [info] submission conn_id=1 worker=1 task=17 have=1 need=1
[2026-08-11T03:53:35.658-05:00] [info] result conn_id=1 task=17 bytes=65536 accepted
[2026-08-11T03:53:38.443-05:00] [info] submission conn_id=1 worker=1 task=18 have=1 need=1
[2026-08-11T03:53:38.443-05:00] [info] result conn_id=1 task=18 bytes=65536 accepted
[2026-08-11T03:53:40.858-05:00] [info] submission conn_id=1 worker=1 task=19 have=1 need=1
[2026-08-11T03:53:40.858-05:00] [info] result conn_id=1 task=19 bytes=65536 accepted
[2026-08-11T03:53:44.313-05:00] [info] submission conn_id=1 worker=1 task=20 have=1 need=1
[2026-08-11T03:53:44.313-05:00] [info] result conn_id=1 task=20 bytes=65536 accepted
[2026-08-11T03:53:47.980-05:00] [info] submission conn_id=1 worker=1 task=21 have=1 need=1
[2026-08-11T03:53:47.980-05:00] [info] result conn_id=1 task=21 bytes=65536 accepted
[2026-08-11T03:53:51.257-05:00] [info] submission conn_id=1 worker=1 task=22 have=1 need=1
[2026-08-11T03:53:51.257-05:00] [info] result conn_id=1 task=22 bytes=65536 accepted
[2026-08-11T03:53:54.486-05:00] [info] submission conn_id=1 worker=1 task=23 have=1 need=1
[2026-08-11T03:53:54.486-05:00] [info] result conn_id=1 task=23 bytes=65536 accepted
[2026-08-11T03:53:58.124-05:00] [info] submission conn_id=1 worker=1 task=24 have=1 need=1
[2026-08-11T03:53:58.124-05:00] [info] result conn_id=1 task=24 bytes=65536 accepted
[2026-08-11T03:54:01.358-05:00] [info] submission conn_id=1 worker=1 task=25 have=1 need=1
[2026-08-11T03:54:01.358-05:00] [info] result conn_id=1 task=25 bytes=65536 accepted
[2026-08-11T03:54:03.794-05:00] [info] submission conn_id=1 worker=1 task=26 have=1 need=1
[2026-08-11T03:54:03.794-05:00] [info] result conn_id=1 task=26 bytes=32768 accepted
[2026-08-11T03:54:05.130-05:00] [info] submission conn_id=1 worker=1 task=27 have=1 need=1
[2026-08-11T03:54:05.130-05:00] [info] result conn_id=1 task=27 bytes=32768 accepted
[2026-08-11T03:54:05.717-05:00] [info] disconnect conn_id=1 released_leases
[2026-08-11T03:54:05.717-05:00] [info] conn_close conn_id=1 code=1001
[2026-08-11T03:54:09.606-05:00] [info] conn_open conn_id=2
[2026-08-11T03:54:09.769-05:00] [info] handshake conn_id=2 worker_id=2 kernels=3
[2026-08-11T03:54:21.895-05:00] [info] benchmark conn_id=2 ops/s=6.13e+10 samples=3
[2026-08-11T03:54:23.358-05:00] [info] submission conn_id=2 worker=2 task=29 have=1 need=1
[2026-08-11T03:54:23.358-05:00] [info] result conn_id=2 task=29 bytes=32768 accepted
[2026-08-11T03:54:24.509-05:00] [info] submission conn_id=2 worker=2 task=28 have=1 need=1
[2026-08-11T03:54:24.509-05:00] [info] result conn_id=2 task=28 bytes=32768 accepted
[2026-08-11T03:54:25.829-05:00] [info] submission conn_id=2 worker=2 task=30 have=1 need=1
[2026-08-11T03:54:25.829-05:00] [info] result conn_id=2 task=30 bytes=32768 accepted
[2026-08-11T03:54:27.095-05:00] [info] submission conn_id=2 worker=2 task=31 have=1 need=1
[2026-08-11T03:54:27.095-05:00] [info] result conn_id=2 task=31 bytes=32768 accepted
[2026-08-11T03:54:27.816-05:00] [info] submission conn_id=2 worker=2 task=32 have=1 need=1
[2026-08-11T03:54:27.816-05:00] [info] result conn_id=2 task=32 bytes=65536 accepted
[2026-08-11T03:54:28.430-05:00] [info] submission conn_id=2 worker=2 task=33 have=1 need=1
[2026-08-11T03:54:28.430-05:00] [info] result conn_id=2 task=33 bytes=65536 accepted
[2026-08-11T03:54:32.468-05:00] [info] submission conn_id=2 worker=2 task=34 have=1 need=1
[2026-08-11T03:54:32.468-05:00] [info] result conn_id=2 task=34 bytes=65536 accepted
